// Jest Snapshot v1, https://jestjs.io/docs/snapshot-testing

exports[`Button Component matches snapshot 1`] = `
<View
  style={
    [
      {
        "alignItems": "center",
        "justifyContent": "center",
        "margin": 8,
      },
    ]
  }
>
  <View
    accessibilityState={
      {
        "busy": undefined,
        "checked": undefined,
        "disabled": undefined,
        "expanded": undefined,
        "selected": undefined,
      }
    }
    accessibilityValue={
      {
        "max": undefined,
        "min": undefined,
        "now": undefined,
        "text": undefined,
      }
    }
    accessible={true}
    collapsable={false}
    focusable={true}
    onBlur={[Function]}
    onClick={[Function]}
    onFocus={[Function]}
    onResponderGrant={[Function]}
    onResponderMove={[Function]}
    onResponderRelease={[Function]}
    onResponderTerminate={[Function]}
    onResponderTerminationRequest={[Function]}
    onStartShouldSetResponder={[Function]}
    onTouchEnd={[Function]}
    style={
      [
        {
          "alignItems": "center",
          "backgroundColor": "black",
          "borderRadius": 5,
          "justifyContent": "center",
          "width": "100%",
        },
        {
          "opacity": 1,
        },
      ]
    }
  >
    <View
      style={
        {
          "alignItems": "center",
          "flexDirection": "column",
          "justifyContent": "center",
        }
      }
    >
      <Text
        style={
          {
            "color": "#fff",
            "fontSize": 16,
            "textAlign": "center",
          }
        }
      >
        Snapshot Test
      </Text>
    </View>
  </View>
</View>
`;
